// Jest Snapshot v1, https://goo.gl/fbAQLP

exports[`<PostCard /> should match snapshot 1`] = `
<div
  class="post"
>
  <img />
  <div
    class="post-card"
  >
    <h2>
       
       
    </h2>
    <p>
       
       
    </p>
  </div>
</div>
`;
